  AudioManager.cpp
  Collectable.cpp
  Game.cpp
D:\C++\Echoes-of-the-Labyrinth---SFML\SFML Echoes of the Labyrinth\SFML Echoes of the Labyrinth\Game.cpp(46,75): warning C4244: 'argumento': conversión de 'T' a 'T'; posible pérdida de datos
D:\C++\Echoes-of-the-Labyrinth---SFML\SFML Echoes of the Labyrinth\SFML Echoes of the Labyrinth\Game.cpp(46,75): warning C4244:         with
D:\C++\Echoes-of-the-Labyrinth---SFML\SFML Echoes of the Labyrinth\SFML Echoes of the Labyrinth\Game.cpp(46,75): warning C4244:         [
D:\C++\Echoes-of-the-Labyrinth---SFML\SFML Echoes of the Labyrinth\SFML Echoes of the Labyrinth\Game.cpp(46,75): warning C4244:             T=unsigned int
D:\C++\Echoes-of-the-Labyrinth---SFML\SFML Echoes of the Labyrinth\SFML Echoes of the Labyrinth\Game.cpp(46,75): warning C4244:         ]
D:\C++\Echoes-of-the-Labyrinth---SFML\SFML Echoes of the Labyrinth\SFML Echoes of the Labyrinth\Game.cpp(46,75): warning C4244:         and
D:\C++\Echoes-of-the-Labyrinth---SFML\SFML Echoes of the Labyrinth\SFML Echoes of the Labyrinth\Game.cpp(46,75): warning C4244:         [
D:\C++\Echoes-of-the-Labyrinth---SFML\SFML Echoes of the Labyrinth\SFML Echoes of the Labyrinth\Game.cpp(46,75): warning C4244:             T=float
D:\C++\Echoes-of-the-Labyrinth---SFML\SFML Echoes of the Labyrinth\SFML Echoes of the Labyrinth\Game.cpp(46,75): warning C4244:         ]
D:\C++\Echoes-of-the-Labyrinth---SFML\SFML Echoes of the Labyrinth\SFML Echoes of the Labyrinth\Game.cpp(46,55): warning C4244: 'argumento': conversión de 'T' a 'T'; posible pérdida de datos
D:\C++\Echoes-of-the-Labyrinth---SFML\SFML Echoes of the Labyrinth\SFML Echoes of the Labyrinth\Game.cpp(46,55): warning C4244:         with
D:\C++\Echoes-of-the-Labyrinth---SFML\SFML Echoes of the Labyrinth\SFML Echoes of the Labyrinth\Game.cpp(46,55): warning C4244:         [
D:\C++\Echoes-of-the-Labyrinth---SFML\SFML Echoes of the Labyrinth\SFML Echoes of the Labyrinth\Game.cpp(46,55): warning C4244:             T=unsigned int
D:\C++\Echoes-of-the-Labyrinth---SFML\SFML Echoes of the Labyrinth\SFML Echoes of the Labyrinth\Game.cpp(46,55): warning C4244:         ]
D:\C++\Echoes-of-the-Labyrinth---SFML\SFML Echoes of the Labyrinth\SFML Echoes of the Labyrinth\Game.cpp(46,55): warning C4244:         and
D:\C++\Echoes-of-the-Labyrinth---SFML\SFML Echoes of the Labyrinth\SFML Echoes of the Labyrinth\Game.cpp(46,55): warning C4244:         [
D:\C++\Echoes-of-the-Labyrinth---SFML\SFML Echoes of the Labyrinth\SFML Echoes of the Labyrinth\Game.cpp(46,55): warning C4244:             T=float
D:\C++\Echoes-of-the-Labyrinth---SFML\SFML Echoes of the Labyrinth\SFML Echoes of the Labyrinth\Game.cpp(46,55): warning C4244:         ]
  GameTimer.cpp
  Goal.cpp
  HUDCollectables.cpp
  Labyrinth.cpp
  LoseState.cpp
  MenuScreen.cpp
  MenuState.cpp
  PausedState.cpp
  Player.cpp
  PlayerInput.cpp
  PlayingState.cpp
  Walls.cpp
  WinState.cpp
  main.cpp
  Generando código...
  SFML Echoes of the Labyrinth.vcxproj -> D:\C++\Echoes-of-the-Labyrinth---SFML\SFML Echoes of the Labyrinth\x64\Debug\SFML Echoes of the Labyrinth.exe
